******************************************************************************
                  TI ARM Linker PC v18.1.2                     
******************************************************************************
>> Linked Wed Dec 19 20:22:06 2018

OUTPUT FILE NAME:   <LCD_UART_NODE.out>
ENTRY POINT SYMBOL: "_c_int00_noargs"  address: 00000dd5


MEMORY CONFIGURATION

         name            origin    length      used     unused   attr    fill
----------------------  --------  ---------  --------  --------  ----  --------
  FLASH                 00000000   00040000  000011e4  0003ee1c  R  X
  SRAM                  20000000   00008000  00000473  00007b8d  RW X


SEGMENT ALLOCATION MAP

run origin  load origin   length   init length attrs members
----------  ----------- ---------- ----------- ----- -------
00000000    00000000    000011e8   000011e8    r-x
  00000000    00000000    0000026c   0000026c    r-- .intvecs
  0000026c    0000026c    00000d48   00000d48    r-x .text
  00000fb4    00000fb4    00000200   00000200    r-- .const
  000011b8    000011b8    00000030   00000030    r-- .cinit
20000000    20000000    00000477   00000000    rw-
  20000000    20000000    0000026c   00000000    rw- .vtable
  20000270    20000270    00000200   00000000    rw- .stack
  20000470    20000470    00000007   00000000    rw- .data


SECTION ALLOCATION MAP

 output                                  attributes/
section   page    origin      length       input sections
--------  ----  ----------  ----------   ----------------
.intvecs   0    00000000    0000026c     
                  00000000    0000026c     tm4c123gh6pm_startup_ccs.obj (.intvecs)

.text      0    0000026c    00000d48     
                  0000026c    00000390     myLCD.obj (.text)
                  000005fc    00000132     driverlib.lib : gpio.obj (.text:GPIOPadConfigSet)
                  0000072e    00000002     --HOLE-- [fill = 0]
                  00000730    00000110                   : sysctl.obj (.text:SysCtlClockGet)
                  00000840    000000fc     main.obj (.text)
                  0000093c    000000f4     driverlib.lib : sysctl.obj (.text:SysCtlClockSet)
                  00000a30    000000ec     myUART.obj (.text)
                  00000b1c    0000009c     rtsv7M4_T_le_v4SPD16_eabi.lib : memcpy_t2.asm.obj (.text)
                  00000bb8    00000068     driverlib.lib : interrupt.obj (.text:IntEnable)
                  00000c20    00000068     rtsv7M4_T_le_v4SPD16_eabi.lib : copy_decompress_lzss.c.obj (.text:decompress:lzss:__TI_decompress_lzss)
                  00000c88    00000048     driverlib.lib : gpio.obj (.text:GPIOPinConfigure)
                  00000cd0    00000046                   : uart.obj (.text:UARTConfigSetExpClk)
                  00000d16    00000002     --HOLE-- [fill = 0]
                  00000d18    00000044     rtsv7M4_T_le_v4SPD16_eabi.lib : autoinit.c.obj (.text:__TI_auto_init_nobinit_nopinit:__TI_auto_init_nobinit_nopinit)
                  00000d5c    00000040     driverlib.lib : uart.obj (.text:_UARTIntNumberGet)
                  00000d9c    00000038                   : sysctl.obj (.text:SysCtlPeripheralReady)
                  00000dd4    00000038     rtsv7M4_T_le_v4SPD16_eabi.lib : boot_cortex_m.c.obj (.text:_c_int00_noargs:_c_int00_noargs)
                  00000e0c    00000034     driverlib.lib : interrupt.obj (.text:IntRegister)
                  00000e40    00000034                   : sysctl.obj (.text:SysCtlPeripheralEnable)
                  00000e74    0000002a                   : gpio.obj (.text:GPIODirModeSet)
                  00000e9e    00000002     --HOLE-- [fill = 0]
                  00000ea0    00000020                   : uart.obj (.text:UARTDisable)
                  00000ec0    00000018                   : gpio.obj (.text:GPIOPinTypeGPIOOutput)
                  00000ed8    00000018                   : uart.obj (.text:UARTIntRegister)
                  00000ef0    00000014                   : uart.obj (.text:UARTEnable)
                  00000f04    00000012                   : gpio.obj (.text:GPIOPinTypeGPIOInput)
                  00000f16    00000012                   : gpio.obj (.text:GPIOPinTypeUART)
                  00000f28    00000012     rtsv7M4_T_le_v4SPD16_eabi.lib : copy_zero_init.c.obj (.text:decompress:ZI:__TI_zero_init_nomemset:__TI_zero_init_nomemset)
                  00000f3a    00000010     driverlib.lib : interrupt.obj (.text:IntMasterEnable)
                  00000f4a    0000000e     rtsv7M4_T_le_v4SPD16_eabi.lib : copy_decompress_none.c.obj (.text:decompress:none:__TI_decompress_none)
                  00000f58    0000000c     driverlib.lib : cpu.obj (.text:CPUcpsie)
                  00000f64    0000000c     tm4c123gh6pm_startup_ccs.obj (.text)
                  00000f70    0000000a     driverlib.lib : uart.obj (.text:UARTCharGet)
                  00000f7a    0000000a                   : uart.obj (.text:UARTCharPut)
                  00000f84    0000000a                   : uart.obj (.text:UARTFIFODisable)
                  00000f8e    00000008                   : uart.obj (.text:UARTIntEnable)
                  00000f96    00000006                   : gpio.obj (.text:GPIOPinRead)
                  00000f9c    00000006                   : gpio.obj (.text:GPIOPinWrite)
                  00000fa2    00000006                   : sysctl.obj (.text:SysCtlDelay)
                  00000fa8    00000004                   : uart.obj (.text:UARTIntClear)
                  00000fac    00000004     rtsv7M4_T_le_v4SPD16_eabi.lib : pre_init.c.obj (.text:_system_pre_init)
                  00000fb0    00000004                                   : exit.c.obj (.text:abort:abort)

.const     0    00000fb4    00000200     
                  00000fb4    00000090     driverlib.lib : gpio.obj (.const:g_pui32GPIOBaseAddrs)
                  00001044    00000070                   : interrupt.obj (.const)
                  000010b4    0000006c                   : sysctl.obj (.const:g_pui32Xtals)
                  00001120    00000040                   : uart.obj (.const:g_ppui32UARTIntMap)
                  00001160    00000040                   : uart.obj (.const:g_ppui32UARTIntMapSnowflake)
                  000011a0    0000000c     main.obj (.const:.string:$P$T0$1)
                  000011ac    00000008     myLCD.obj (.const:.string:$P$T0$1)

.cinit     0    000011b8    00000030     
                  000011b8    0000000c     (__TI_handler_table)
                  000011c4    0000000b     (.cinit..data.load) [load image, compression = lzss]
                  000011cf    00000001     --HOLE-- [fill = 0]
                  000011d0    00000008     (.cinit..vtable.load) [load image, compression = zero_init]
                  000011d8    00000010     (__TI_cinit_table)

.init_array 
*          0    00000000    00000000     UNINITIALIZED

.vtable    0    20000000    0000026c     UNINITIALIZED
                  20000000    0000026c     driverlib.lib : interrupt.obj (.vtable)

.data      0    20000470    00000007     UNINITIALIZED
                  20000470    00000005     myLCD.obj (.data:yeet)
                  20000475    00000002     main.obj (.data)

.stack     0    20000270    00000200     UNINITIALIZED
                  20000270    00000004     rtsv7M4_T_le_v4SPD16_eabi.lib : boot_cortex_m.c.obj (.stack)
                  20000274    000001fc     --HOLE--

MODULE SUMMARY

       Module                         code   ro data   rw data
       ------                         ----   -------   -------
    .\
       myLCD.obj                      912    8         5      
       tm4c123gh6pm_startup_ccs.obj   12     620       0      
       main.obj                       252    12        2      
       myUART.obj                     236    0         0      
    +--+------------------------------+------+---------+---------+
       Total:                         1412   640       7      
                                                              
    C:/ti/TivaWare_C_Series-2.1.4.178/driverlib/ccs/Debug/driverlib.lib
       interrupt.obj                  172    112       620    
       sysctl.obj                     630    108       0      
       gpio.obj                       492    144       0      
       uart.obj                       252    128       0      
       cpu.obj                        12     0         0      
    +--+------------------------------+------+---------+---------+
       Total:                         1558   492       620    
                                                              
    D:\ti\ccsv8\tools\compiler\ti-cgt-arm_18.1.2.LTS\lib\rtsv7M4_T_le_v4SPD16_eabi.lib
       memcpy_t2.asm.obj              156    0         0      
       copy_decompress_lzss.c.obj     104    0         0      
       autoinit.c.obj                 68     0         0      
       boot_cortex_m.c.obj            56     0         0      
       copy_zero_init.c.obj           18     0         0      
       copy_decompress_none.c.obj     14     0         0      
       exit.c.obj                     4      0         0      
       pre_init.c.obj                 4      0         0      
    +--+------------------------------+------+---------+---------+
       Total:                         424    0         0      
                                                              
       Stack:                         0      0         512    
       Linker Generated:              0      47        0      
    +--+------------------------------+------+---------+---------+
       Grand Total:                   3394   1179      1139   


LINKER GENERATED COPY TABLES

__TI_cinit_table @ 000011d8 records: 2, size/record: 8, table size: 16
	.data: load addr=000011c4, load size=0000000b bytes, run addr=20000470, run size=00000007 bytes, compression=lzss
	.vtable: load addr=000011d0, load size=00000008 bytes, run addr=20000000, run size=0000026c bytes, compression=zero_init


LINKER GENERATED HANDLER TABLE

__TI_handler_table @ 000011b8 records: 3, size/record: 4, table size: 12
	index: 0, handler: __TI_zero_init
	index: 1, handler: __TI_decompress_lzss
	index: 2, handler: __TI_decompress_none


GLOBAL SYMBOLS: SORTED ALPHABETICALLY BY Name 

address   name                          
-------   ----                          
000008e1  ArbSoftDelay                  
00000fb1  C$$EXIT                       
00000f59  CPUcpsie                      
000004e1  ConfigLCD_8Bit                
00000e75  GPIODirModeSet                
000005fd  GPIOPadConfigSet              
00000c89  GPIOPinConfigure              
00000f97  GPIOPinRead                   
00000f05  GPIOPinTypeGPIOInput          
00000ec1  GPIOPinTypeGPIOOutput         
00000f17  GPIOPinTypeUART               
00000f9d  GPIOPinWrite                  
0000026d  InitLCD                       
00000a31  InitUART1                     
00000bb9  IntEnable                     
00000f3b  IntMasterEnable               
00000e0d  IntRegister                   
000002af  LCDDisable                    
00000529  LCDDisplayOFF                 
0000051f  LCDDisplayON                  
000002a1  LCDEnable                     
0000043b  LCDReadAddr                   
000004cf  LCDReadBusy                   
000003d7  LCDReadData                   
00000533  LCDResetCursor                
0000049f  LCDSetAddr                    
000004bb  LCDStartLine1                 
000004c5  LCDStartLine2                 
00000361  LCDWriteASCII                 
000002bd  LCDWriteCMD                   
00000543  LCDWriteCString               
0000030f  LCDWriteData                  
00000567  LCDWriteMyName                
000005c1  LCDWriteYEET                  
00000f65  ResetISR                      
000008c3  SwapLines                     
00000731  SysCtlClockGet                
0000093d  SysCtlClockSet                
00000fa3  SysCtlDelay                   
00000e41  SysCtlPeripheralEnable        
00000d9d  SysCtlPeripheralReady         
00000aa1  UART1InString                 
00000f71  UARTCharGet                   
00000f7b  UARTCharPut                   
00000cd1  UARTConfigSetExpClk           
00000ea1  UARTDisable                   
00000ef1  UARTEnable                    
00000f85  UARTFIFODisable               
00000fa9  UARTIntClear                  
00000f8f  UARTIntEnable                 
00000ed9  UARTIntRegister               
00000911  UART_RX_Handler               
20000470  __STACK_END                   
00000200  __STACK_SIZE                  
20000470  __STACK_TOP                   
000011d8  __TI_CINIT_Base               
000011e8  __TI_CINIT_Limit              
000011b8  __TI_Handler_Table_Base       
000011c4  __TI_Handler_Table_Limit      
00000d19  __TI_auto_init_nobinit_nopinit
00000c21  __TI_decompress_lzss          
00000f4b  __TI_decompress_none          
ffffffff  __TI_pprof_out_hndl           
ffffffff  __TI_prof_data_size           
ffffffff  __TI_prof_data_start          
00000000  __TI_static_base__            
00000f29  __TI_zero_init_nomemset       
00000b1d  __aeabi_memcpy                
00000b1d  __aeabi_memcpy4               
00000b1d  __aeabi_memcpy8               
ffffffff  __binit__                     
ffffffff  __c_args__                    
UNDEFED   __mpu_init                    
20000270  __stack                       
00000dd5  _c_int00_noargs               
UNDEFED   _system_post_cinit            
00000fad  _system_pre_init              
00000fb1  abort                         
ffffffff  binit                         
20000000  g_pfnRAMVectors               
00000000  g_pfnVectors                  
20000476  line_flag                     
00000841  main                          
00000b1d  memcpy                        
20000475  rx_flag                       
20000470  yeet                          


GLOBAL SYMBOLS: SORTED BY Symbol Address 

address   name                          
-------   ----                          
00000000  __TI_static_base__            
00000000  g_pfnVectors                  
00000200  __STACK_SIZE                  
0000026d  InitLCD                       
000002a1  LCDEnable                     
000002af  LCDDisable                    
000002bd  LCDWriteCMD                   
0000030f  LCDWriteData                  
00000361  LCDWriteASCII                 
000003d7  LCDReadData                   
0000043b  LCDReadAddr                   
0000049f  LCDSetAddr                    
000004bb  LCDStartLine1                 
000004c5  LCDStartLine2                 
000004cf  LCDReadBusy                   
000004e1  ConfigLCD_8Bit                
0000051f  LCDDisplayON                  
00000529  LCDDisplayOFF                 
00000533  LCDResetCursor                
00000543  LCDWriteCString               
00000567  LCDWriteMyName                
000005c1  LCDWriteYEET                  
000005fd  GPIOPadConfigSet              
00000731  SysCtlClockGet                
00000841  main                          
000008c3  SwapLines                     
000008e1  ArbSoftDelay                  
00000911  UART_RX_Handler               
0000093d  SysCtlClockSet                
00000a31  InitUART1                     
00000aa1  UART1InString                 
00000b1d  __aeabi_memcpy                
00000b1d  __aeabi_memcpy4               
00000b1d  __aeabi_memcpy8               
00000b1d  memcpy                        
00000bb9  IntEnable                     
00000c21  __TI_decompress_lzss          
00000c89  GPIOPinConfigure              
00000cd1  UARTConfigSetExpClk           
00000d19  __TI_auto_init_nobinit_nopinit
00000d9d  SysCtlPeripheralReady         
00000dd5  _c_int00_noargs               
00000e0d  IntRegister                   
00000e41  SysCtlPeripheralEnable        
00000e75  GPIODirModeSet                
00000ea1  UARTDisable                   
00000ec1  GPIOPinTypeGPIOOutput         
00000ed9  UARTIntRegister               
00000ef1  UARTEnable                    
00000f05  GPIOPinTypeGPIOInput          
00000f17  GPIOPinTypeUART               
00000f29  __TI_zero_init_nomemset       
00000f3b  IntMasterEnable               
00000f4b  __TI_decompress_none          
00000f59  CPUcpsie                      
00000f65  ResetISR                      
00000f71  UARTCharGet                   
00000f7b  UARTCharPut                   
00000f85  UARTFIFODisable               
00000f8f  UARTIntEnable                 
00000f97  GPIOPinRead                   
00000f9d  GPIOPinWrite                  
00000fa3  SysCtlDelay                   
00000fa9  UARTIntClear                  
00000fad  _system_pre_init              
00000fb1  C$$EXIT                       
00000fb1  abort                         
000011b8  __TI_Handler_Table_Base       
000011c4  __TI_Handler_Table_Limit      
000011d8  __TI_CINIT_Base               
000011e8  __TI_CINIT_Limit              
20000000  g_pfnRAMVectors               
20000270  __stack                       
20000470  __STACK_END                   
20000470  __STACK_TOP                   
20000470  yeet                          
20000475  rx_flag                       
20000476  line_flag                     
ffffffff  __TI_pprof_out_hndl           
ffffffff  __TI_prof_data_size           
ffffffff  __TI_prof_data_start          
ffffffff  __binit__                     
ffffffff  __c_args__                    
ffffffff  binit                         
UNDEFED   __mpu_init                    
UNDEFED   _system_post_cinit            

[86 symbols]
