******************************************************************************
                  TI ARM Linker PC v18.1.2                     
******************************************************************************
>> Linked Tue Dec 18 16:15:50 2018

OUTPUT FILE NAME:   <MIL_Timer_Demo.out>
ENTRY POINT SYMBOL: "_c_int00_noargs"  address: 0000092d


MEMORY CONFIGURATION

         name            origin    length      used     unused   attr    fill
----------------------  --------  ---------  --------  --------  ----  --------
  FLASH                 00000000   00040000  00000c6c  0003f394  R  X
  SRAM                  20000000   00008000  0000046d  00007b93  RW X


SEGMENT ALLOCATION MAP

run origin  load origin   length   init length attrs members
----------  ----------- ---------- ----------- ----- -------
00000000    00000000    00000c70   00000c70    r-x
  00000000    00000000    0000026c   0000026c    r-- .intvecs
  0000026c    0000026c    00000854   00000854    r-x .text
  00000ac0    00000ac0    0000017c   0000017c    r-- .const
  00000c40    00000c40    00000030   00000030    r-- .cinit
20000000    20000000    00000470   00000000    rw-
  20000000    20000000    0000026c   00000000    rw- .vtable
  2000026c    2000026c    00000001   00000000    rw- .data
  20000270    20000270    00000200   00000000    rw- .stack


SECTION ALLOCATION MAP

 output                                  attributes/
section   page    origin      length       input sections
--------  ----  ----------  ----------   ----------------
.intvecs   0    00000000    0000026c     
                  00000000    0000026c     tm4c123gh6pm_startup_ccs.obj (.intvecs)

.text      0    0000026c    00000854     
                  0000026c    00000132     driverlib.lib : gpio.obj (.text:GPIOPadConfigSet)
                  0000039e    00000002     --HOLE-- [fill = 0]
                  000003a0    00000110                   : sysctl.obj (.text:SysCtlClockGet)
                  000004b0    000000f4                   : sysctl.obj (.text:SysCtlClockSet)
                  000005a4    000000f4     main.obj (.text)
                  00000698    0000009c     rtsv7M4_T_le_v4SPD16_eabi.lib : memcpy_t2.asm.obj (.text)
                  00000734    00000068     driverlib.lib : interrupt.obj (.text:IntEnable)
                  0000079c    00000068     rtsv7M4_T_le_v4SPD16_eabi.lib : copy_decompress_lzss.c.obj (.text:decompress:lzss:__TI_decompress_lzss)
                  00000804    00000060     driverlib.lib : timer.obj (.text:TimerConfigure)
                  00000864    0000004c                   : timer.obj (.text:_TimerIntNumberGet)
                  000008b0    00000044     rtsv7M4_T_le_v4SPD16_eabi.lib : autoinit.c.obj (.text:__TI_auto_init_nobinit_nopinit:__TI_auto_init_nobinit_nopinit)
                  000008f4    00000038     driverlib.lib : sysctl.obj (.text:SysCtlPeripheralReady)
                  0000092c    00000038     rtsv7M4_T_le_v4SPD16_eabi.lib : boot_cortex_m.c.obj (.text:_c_int00_noargs:_c_int00_noargs)
                  00000964    00000034     driverlib.lib : interrupt.obj (.text:IntRegister)
                  00000998    00000034                   : sysctl.obj (.text:SysCtlPeripheralEnable)
                  000009cc    0000002a                   : gpio.obj (.text:GPIODirModeSet)
                  000009f6    00000018                   : gpio.obj (.text:GPIOPinTypeGPIOOutput)
                  00000a0e    00000018                   : timer.obj (.text:TimerIntRegister)
                  00000a26    00000012                   : timer.obj (.text:TimerLoadSet)
                  00000a38    00000012                   : timer.obj (.text:TimerPrescaleSet)
                  00000a4a    00000012     rtsv7M4_T_le_v4SPD16_eabi.lib : copy_zero_init.c.obj (.text:decompress:ZI:__TI_zero_init_nomemset:__TI_zero_init_nomemset)
                  00000a5c    00000010     driverlib.lib : interrupt.obj (.text:IntMasterEnable)
                  00000a6c    0000000e                   : timer.obj (.text:TimerEnable)
                  00000a7a    0000000e     rtsv7M4_T_le_v4SPD16_eabi.lib : copy_decompress_none.c.obj (.text:decompress:none:__TI_decompress_none)
                  00000a88    0000000c     driverlib.lib : cpu.obj (.text:CPUcpsie)
                  00000a94    0000000c     tm4c123gh6pm_startup_ccs.obj (.text)
                  00000aa0    00000008     driverlib.lib : timer.obj (.text:TimerIntEnable)
                  00000aa8    00000006                   : gpio.obj (.text:GPIOPinWrite)
                  00000aae    00000006                   : sysctl.obj (.text:SysCtlDelay)
                  00000ab4    00000004                   : timer.obj (.text:TimerIntClear)
                  00000ab8    00000004     rtsv7M4_T_le_v4SPD16_eabi.lib : pre_init.c.obj (.text:_system_pre_init)
                  00000abc    00000004                                   : exit.c.obj (.text:abort:abort)

.const     0    00000ac0    0000017c     
                  00000ac0    00000070     driverlib.lib : interrupt.obj (.const)
                  00000b30    0000006c                   : sysctl.obj (.const:g_pui32Xtals)
                  00000b9c    00000060                   : timer.obj (.const:g_ppui32TimerIntMap)
                  00000bfc    00000040                   : timer.obj (.const:g_ppui32TimerIntMapSnowflake)

.cinit     0    00000c40    00000030     
                  00000c40    0000000c     (__TI_handler_table)
                  00000c4c    00000004     --HOLE-- [fill = 0]
                  00000c50    00000008     (.cinit..vtable.load) [load image, compression = zero_init]
                  00000c58    00000005     (.cinit..data.load) [load image, compression = lzss]
                  00000c5d    00000003     --HOLE-- [fill = 0]
                  00000c60    00000010     (__TI_cinit_table)

.init_array 
*          0    00000000    00000000     UNINITIALIZED

.vtable    0    20000000    0000026c     UNINITIALIZED
                  20000000    0000026c     driverlib.lib : interrupt.obj (.vtable)

.data      0    2000026c    00000001     UNINITIALIZED
                  2000026c    00000001     main.obj (.data)

.stack     0    20000270    00000200     UNINITIALIZED
                  20000270    00000004     rtsv7M4_T_le_v4SPD16_eabi.lib : boot_cortex_m.c.obj (.stack)
                  20000274    000001fc     --HOLE--

MODULE SUMMARY

       Module                         code   ro data   rw data
       ------                         ----   -------   -------
    .\
       tm4c123gh6pm_startup_ccs.obj   12     620       0      
       main.obj                       244    0         1      
    +--+------------------------------+------+---------+---------+
       Total:                         256    620       1      
                                                              
    D:/ti/TivaWare_C_Series-2.1.4.178/driverlib/ccs/Debug/driverlib.lib
       interrupt.obj                  172    112       620    
       sysctl.obj                     630    108       0      
       timer.obj                      258    160       0      
       gpio.obj                       378    0         0      
       cpu.obj                        12     0         0      
    +--+------------------------------+------+---------+---------+
       Total:                         1450   380       620    
                                                              
    D:\ti\ccsv8\tools\compiler\ti-cgt-arm_18.1.2.LTS\lib\rtsv7M4_T_le_v4SPD16_eabi.lib
       memcpy_t2.asm.obj              156    0         0      
       copy_decompress_lzss.c.obj     104    0         0      
       autoinit.c.obj                 68     0         0      
       boot_cortex_m.c.obj            56     0         0      
       copy_zero_init.c.obj           18     0         0      
       copy_decompress_none.c.obj     14     0         0      
       exit.c.obj                     4      0         0      
       pre_init.c.obj                 4      0         0      
    +--+------------------------------+------+---------+---------+
       Total:                         424    0         0      
                                                              
       Stack:                         0      0         512    
       Linker Generated:              0      41        0      
    +--+------------------------------+------+---------+---------+
       Grand Total:                   2130   1041      1133   


LINKER GENERATED COPY TABLES

__TI_cinit_table @ 00000c60 records: 2, size/record: 8, table size: 16
	.vtable: load addr=00000c50, load size=00000008 bytes, run addr=20000000, run size=0000026c bytes, compression=zero_init
	.data: load addr=00000c58, load size=00000005 bytes, run addr=2000026c, run size=00000001 bytes, compression=lzss


LINKER GENERATED HANDLER TABLE

__TI_handler_table @ 00000c40 records: 3, size/record: 4, table size: 12
	index: 0, handler: __TI_zero_init
	index: 1, handler: __TI_decompress_lzss
	index: 2, handler: __TI_decompress_none


GLOBAL SYMBOLS: SORTED ALPHABETICALLY BY Name 

address   name                          
-------   ----                          
00000abd  C$$EXIT                       
00000a89  CPUcpsie                      
000009cd  GPIODirModeSet                
0000026d  GPIOPadConfigSet              
000009f7  GPIOPinTypeGPIOOutput         
00000aa9  GPIOPinWrite                  
00000643  InitGPIO                      
000005d7  InitTimer                     
00000735  IntEnable                     
00000a5d  IntMasterEnable               
00000965  IntRegister                   
00000a95  ResetISR                      
000003a1  SysCtlClockGet                
000004b1  SysCtlClockSet                
00000aaf  SysCtlDelay                   
00000999  SysCtlPeripheralEnable        
000008f5  SysCtlPeripheralReady         
0000065f  Timer0IntBlink                
00000805  TimerConfigure                
00000a6d  TimerEnable                   
00000ab5  TimerIntClear                 
00000aa1  TimerIntEnable                
00000a0f  TimerIntRegister              
00000a27  TimerLoadSet                  
00000a39  TimerPrescaleSet              
20000470  __STACK_END                   
00000200  __STACK_SIZE                  
20000470  __STACK_TOP                   
00000c60  __TI_CINIT_Base               
00000c70  __TI_CINIT_Limit              
00000c40  __TI_Handler_Table_Base       
00000c4c  __TI_Handler_Table_Limit      
000008b1  __TI_auto_init_nobinit_nopinit
0000079d  __TI_decompress_lzss          
00000a7b  __TI_decompress_none          
ffffffff  __TI_pprof_out_hndl           
ffffffff  __TI_prof_data_size           
ffffffff  __TI_prof_data_start          
00000000  __TI_static_base__            
00000a4b  __TI_zero_init_nomemset       
00000699  __aeabi_memcpy                
00000699  __aeabi_memcpy4               
00000699  __aeabi_memcpy8               
ffffffff  __binit__                     
ffffffff  __c_args__                    
UNDEFED   __mpu_init                    
20000270  __stack                       
0000092d  _c_int00_noargs               
UNDEFED   _system_post_cinit            
00000ab9  _system_pre_init              
00000abd  abort                         
ffffffff  binit                         
2000026c  blink_flag                    
20000000  g_pfnRAMVectors               
00000000  g_pfnVectors                  
000005a5  main                          
00000699  memcpy                        


GLOBAL SYMBOLS: SORTED BY Symbol Address 

address   name                          
-------   ----                          
00000000  __TI_static_base__            
00000000  g_pfnVectors                  
00000200  __STACK_SIZE                  
0000026d  GPIOPadConfigSet              
000003a1  SysCtlClockGet                
000004b1  SysCtlClockSet                
000005a5  main                          
000005d7  InitTimer                     
00000643  InitGPIO                      
0000065f  Timer0IntBlink                
00000699  __aeabi_memcpy                
00000699  __aeabi_memcpy4               
00000699  __aeabi_memcpy8               
00000699  memcpy                        
00000735  IntEnable                     
0000079d  __TI_decompress_lzss          
00000805  TimerConfigure                
000008b1  __TI_auto_init_nobinit_nopinit
000008f5  SysCtlPeripheralReady         
0000092d  _c_int00_noargs               
00000965  IntRegister                   
00000999  SysCtlPeripheralEnable        
000009cd  GPIODirModeSet                
000009f7  GPIOPinTypeGPIOOutput         
00000a0f  TimerIntRegister              
00000a27  TimerLoadSet                  
00000a39  TimerPrescaleSet              
00000a4b  __TI_zero_init_nomemset       
00000a5d  IntMasterEnable               
00000a6d  TimerEnable                   
00000a7b  __TI_decompress_none          
00000a89  CPUcpsie                      
00000a95  ResetISR                      
00000aa1  TimerIntEnable                
00000aa9  GPIOPinWrite                  
00000aaf  SysCtlDelay                   
00000ab5  TimerIntClear                 
00000ab9  _system_pre_init              
00000abd  C$$EXIT                       
00000abd  abort                         
00000c40  __TI_Handler_Table_Base       
00000c4c  __TI_Handler_Table_Limit      
00000c60  __TI_CINIT_Base               
00000c70  __TI_CINIT_Limit              
20000000  g_pfnRAMVectors               
2000026c  blink_flag                    
20000270  __stack                       
20000470  __STACK_END                   
20000470  __STACK_TOP                   
ffffffff  __TI_pprof_out_hndl           
ffffffff  __TI_prof_data_size           
ffffffff  __TI_prof_data_start          
ffffffff  __binit__                     
ffffffff  __c_args__                    
ffffffff  binit                         
UNDEFED   __mpu_init                    
UNDEFED   _system_post_cinit            

[57 symbols]
