******************************************************************************
                  TI ARM Linker PC v18.1.2                     
******************************************************************************
>> Linked Wed Dec 19 07:50:26 2018

OUTPUT FILE NAME:   <MIL_UART_Demo.out>
ENTRY POINT SYMBOL: "_c_int00_noargs"  address: 0000095d


MEMORY CONFIGURATION

         name            origin    length      used     unused   attr    fill
----------------------  --------  ---------  --------  --------  ----  --------
  FLASH                 00000000   00040000  00000d3c  0003f2c4  R  X
  SRAM                  20000000   00008000  0000046e  00007b92  RW X


SEGMENT ALLOCATION MAP

run origin  load origin   length   init length attrs members
----------  ----------- ---------- ----------- ----- -------
00000000    00000000    00000d40   00000d40    r-x
  00000000    00000000    0000026c   0000026c    r-- .intvecs
  0000026c    0000026c    000008b4   000008b4    r-x .text
  00000b20    00000b20    000001ec   000001ec    r-- .const
  00000d10    00000d10    00000030   00000030    r-- .cinit
20000000    20000000    00000470   00000000    rw-
  20000000    20000000    0000026c   00000000    rw- .vtable
  2000026c    2000026c    00000002   00000000    rw- .data
  20000270    20000270    00000200   00000000    rw- .stack


SECTION ALLOCATION MAP

 output                                  attributes/
section   page    origin      length       input sections
--------  ----  ----------  ----------   ----------------
.intvecs   0    00000000    0000026c     
                  00000000    0000026c     tm4c123gh6pz_startup_ccs.obj (.intvecs)

.text      0    0000026c    000008b4     
                  0000026c    00000132     driverlib.lib : gpio.obj (.text:GPIOPadConfigSet)
                  0000039e    00000002     --HOLE-- [fill = 0]
                  000003a0    00000110                   : sysctl.obj (.text:SysCtlClockGet)
                  000004b0    00000100     main.obj (.text)
                  000005b0    000000f4     driverlib.lib : sysctl.obj (.text:SysCtlClockSet)
                  000006a4    0000009c     rtsv7M4_T_le_v4SPD16_eabi.lib : memcpy_t2.asm.obj (.text)
                  00000740    00000068     driverlib.lib : interrupt.obj (.text:IntEnable)
                  000007a8    00000068     rtsv7M4_T_le_v4SPD16_eabi.lib : copy_decompress_lzss.c.obj (.text:decompress:lzss:__TI_decompress_lzss)
                  00000810    00000048     driverlib.lib : gpio.obj (.text:GPIOPinConfigure)
                  00000858    00000046                   : uart.obj (.text:UARTConfigSetExpClk)
                  0000089e    00000002     --HOLE-- [fill = 0]
                  000008a0    00000044     rtsv7M4_T_le_v4SPD16_eabi.lib : autoinit.c.obj (.text:__TI_auto_init_nobinit_nopinit:__TI_auto_init_nobinit_nopinit)
                  000008e4    00000040     driverlib.lib : uart.obj (.text:_UARTIntNumberGet)
                  00000924    00000038                   : sysctl.obj (.text:SysCtlPeripheralReady)
                  0000095c    00000038     rtsv7M4_T_le_v4SPD16_eabi.lib : boot_cortex_m.c.obj (.text:_c_int00_noargs:_c_int00_noargs)
                  00000994    00000034     driverlib.lib : interrupt.obj (.text:IntRegister)
                  000009c8    00000034                   : sysctl.obj (.text:SysCtlPeripheralEnable)
                  000009fc    0000002a                   : gpio.obj (.text:GPIODirModeSet)
                  00000a26    00000002     --HOLE-- [fill = 0]
                  00000a28    00000020                   : uart.obj (.text:UARTDisable)
                  00000a48    00000018                   : gpio.obj (.text:GPIOPinTypeGPIOOutput)
                  00000a60    00000018                   : uart.obj (.text:UARTIntRegister)
                  00000a78    00000014                   : uart.obj (.text:UARTEnable)
                  00000a8c    00000012                   : gpio.obj (.text:GPIOPinTypeUART)
                  00000a9e    00000012     rtsv7M4_T_le_v4SPD16_eabi.lib : copy_zero_init.c.obj (.text:decompress:ZI:__TI_zero_init_nomemset:__TI_zero_init_nomemset)
                  00000ab0    00000010     driverlib.lib : interrupt.obj (.text:IntMasterEnable)
                  00000ac0    0000000e     rtsv7M4_T_le_v4SPD16_eabi.lib : copy_decompress_none.c.obj (.text:decompress:none:__TI_decompress_none)
                  00000ace    0000000c     driverlib.lib : cpu.obj (.text:CPUcpsie)
                  00000ada    0000000c     tm4c123gh6pz_startup_ccs.obj (.text)
                  00000ae6    0000000a     driverlib.lib : uart.obj (.text:UARTCharGet)
                  00000af0    0000000a                   : uart.obj (.text:UARTCharPut)
                  00000afa    0000000a                   : uart.obj (.text:UARTFIFODisable)
                  00000b04    00000008                   : uart.obj (.text:UARTIntEnable)
                  00000b0c    00000006                   : gpio.obj (.text:GPIOPinWrite)
                  00000b12    00000006                   : sysctl.obj (.text:SysCtlDelay)
                  00000b18    00000004     rtsv7M4_T_le_v4SPD16_eabi.lib : pre_init.c.obj (.text:_system_pre_init)
                  00000b1c    00000004                                   : exit.c.obj (.text:abort:abort)

.const     0    00000b20    000001ec     
                  00000b20    00000090     driverlib.lib : gpio.obj (.const:g_pui32GPIOBaseAddrs)
                  00000bb0    00000070                   : interrupt.obj (.const)
                  00000c20    0000006c                   : sysctl.obj (.const:g_pui32Xtals)
                  00000c8c    00000040                   : uart.obj (.const:g_ppui32UARTIntMap)
                  00000ccc    00000040                   : uart.obj (.const:g_ppui32UARTIntMapSnowflake)

.cinit     0    00000d10    00000030     
                  00000d10    0000000c     (__TI_handler_table)
                  00000d1c    00000004     --HOLE-- [fill = 0]
                  00000d20    00000008     (.cinit..vtable.load) [load image, compression = zero_init]
                  00000d28    00000006     (.cinit..data.load) [load image, compression = lzss]
                  00000d2e    00000002     --HOLE-- [fill = 0]
                  00000d30    00000010     (__TI_cinit_table)

.init_array 
*          0    00000000    00000000     UNINITIALIZED

.vtable    0    20000000    0000026c     UNINITIALIZED
                  20000000    0000026c     driverlib.lib : interrupt.obj (.vtable)

.data      0    2000026c    00000002     UNINITIALIZED
                  2000026c    00000002     main.obj (.data)

.stack     0    20000270    00000200     UNINITIALIZED
                  20000270    00000004     rtsv7M4_T_le_v4SPD16_eabi.lib : boot_cortex_m.c.obj (.stack)
                  20000274    000001fc     --HOLE--

MODULE SUMMARY

       Module                         code   ro data   rw data
       ------                         ----   -------   -------
    .\
       tm4c123gh6pz_startup_ccs.obj   12     620       0      
       main.obj                       256    0         2      
    +--+------------------------------+------+---------+---------+
       Total:                         268    620       2      
                                                              
    D:/ti/TivaWare_C_Series-2.1.4.178/driverlib/ccs/Debug/driverlib.lib
       interrupt.obj                  172    112       620    
       sysctl.obj                     630    108       0      
       gpio.obj                       468    144       0      
       uart.obj                       248    128       0      
       cpu.obj                        12     0         0      
    +--+------------------------------+------+---------+---------+
       Total:                         1530   492       620    
                                                              
    D:\ti\ccsv8\tools\compiler\ti-cgt-arm_18.1.2.LTS\lib\rtsv7M4_T_le_v4SPD16_eabi.lib
       memcpy_t2.asm.obj              156    0         0      
       copy_decompress_lzss.c.obj     104    0         0      
       autoinit.c.obj                 68     0         0      
       boot_cortex_m.c.obj            56     0         0      
       copy_zero_init.c.obj           18     0         0      
       copy_decompress_none.c.obj     14     0         0      
       exit.c.obj                     4      0         0      
       pre_init.c.obj                 4      0         0      
    +--+------------------------------+------+---------+---------+
       Total:                         424    0         0      
                                                              
       Stack:                         0      0         512    
       Linker Generated:              0      42        0      
    +--+------------------------------+------+---------+---------+
       Grand Total:                   2222   1154      1134   


LINKER GENERATED COPY TABLES

__TI_cinit_table @ 00000d30 records: 2, size/record: 8, table size: 16
	.vtable: load addr=00000d20, load size=00000008 bytes, run addr=20000000, run size=0000026c bytes, compression=zero_init
	.data: load addr=00000d28, load size=00000006 bytes, run addr=2000026c, run size=00000002 bytes, compression=lzss


LINKER GENERATED HANDLER TABLE

__TI_handler_table @ 00000d10 records: 3, size/record: 4, table size: 12
	index: 0, handler: __TI_zero_init
	index: 1, handler: __TI_decompress_lzss
	index: 2, handler: __TI_decompress_none


GLOBAL SYMBOLS: SORTED ALPHABETICALLY BY Name 

address   name                          
-------   ----                          
00000b1d  C$$EXIT                       
00000acf  CPUcpsie                      
000009fd  GPIODirModeSet                
0000026d  GPIOPadConfigSet              
00000811  GPIOPinConfigure              
00000a49  GPIOPinTypeGPIOOutput         
00000a8d  GPIOPinTypeUART               
00000b0d  GPIOPinWrite                  
0000054f  InitGPIO                      
000004e1  InitUART                      
00000741  IntEnable                     
00000ab1  IntMasterEnable               
00000995  IntRegister                   
00000adb  ResetISR                      
000003a1  SysCtlClockGet                
000005b1  SysCtlClockSet                
00000b13  SysCtlDelay                   
000009c9  SysCtlPeripheralEnable        
00000925  SysCtlPeripheralReady         
00000ae7  UARTCharGet                   
00000af1  UARTCharPut                   
00000859  UARTConfigSetExpClk           
00000a29  UARTDisable                   
00000a79  UARTEnable                    
00000afb  UARTFIFODisable               
00000b05  UARTIntEnable                 
00000a61  UARTIntRegister               
0000056b  UART_RX_Handler               
20000470  __STACK_END                   
00000200  __STACK_SIZE                  
20000470  __STACK_TOP                   
00000d30  __TI_CINIT_Base               
00000d40  __TI_CINIT_Limit              
00000d10  __TI_Handler_Table_Base       
00000d1c  __TI_Handler_Table_Limit      
000008a1  __TI_auto_init_nobinit_nopinit
000007a9  __TI_decompress_lzss          
00000ac1  __TI_decompress_none          
ffffffff  __TI_pprof_out_hndl           
ffffffff  __TI_prof_data_size           
ffffffff  __TI_prof_data_start          
00000000  __TI_static_base__            
00000a9f  __TI_zero_init_nomemset       
000006a5  __aeabi_memcpy                
000006a5  __aeabi_memcpy4               
000006a5  __aeabi_memcpy8               
ffffffff  __binit__                     
ffffffff  __c_args__                    
UNDEFED   __mpu_init                    
20000270  __stack                       
0000095d  _c_int00_noargs               
UNDEFED   _system_post_cinit            
00000b19  _system_pre_init              
00000b1d  abort                         
ffffffff  binit                         
20000000  g_pfnRAMVectors               
00000000  g_pfnVectors                  
000004b1  main                          
000006a5  memcpy                        
2000026d  rx_test_flag                  
2000026c  tx_test_flag                  


GLOBAL SYMBOLS: SORTED BY Symbol Address 

address   name                          
-------   ----                          
00000000  __TI_static_base__            
00000000  g_pfnVectors                  
00000200  __STACK_SIZE                  
0000026d  GPIOPadConfigSet              
000003a1  SysCtlClockGet                
000004b1  main                          
000004e1  InitUART                      
0000054f  InitGPIO                      
0000056b  UART_RX_Handler               
000005b1  SysCtlClockSet                
000006a5  __aeabi_memcpy                
000006a5  __aeabi_memcpy4               
000006a5  __aeabi_memcpy8               
000006a5  memcpy                        
00000741  IntEnable                     
000007a9  __TI_decompress_lzss          
00000811  GPIOPinConfigure              
00000859  UARTConfigSetExpClk           
000008a1  __TI_auto_init_nobinit_nopinit
00000925  SysCtlPeripheralReady         
0000095d  _c_int00_noargs               
00000995  IntRegister                   
000009c9  SysCtlPeripheralEnable        
000009fd  GPIODirModeSet                
00000a29  UARTDisable                   
00000a49  GPIOPinTypeGPIOOutput         
00000a61  UARTIntRegister               
00000a79  UARTEnable                    
00000a8d  GPIOPinTypeUART               
00000a9f  __TI_zero_init_nomemset       
00000ab1  IntMasterEnable               
00000ac1  __TI_decompress_none          
00000acf  CPUcpsie                      
00000adb  ResetISR                      
00000ae7  UARTCharGet                   
00000af1  UARTCharPut                   
00000afb  UARTFIFODisable               
00000b05  UARTIntEnable                 
00000b0d  GPIOPinWrite                  
00000b13  SysCtlDelay                   
00000b19  _system_pre_init              
00000b1d  C$$EXIT                       
00000b1d  abort                         
00000d10  __TI_Handler_Table_Base       
00000d1c  __TI_Handler_Table_Limit      
00000d30  __TI_CINIT_Base               
00000d40  __TI_CINIT_Limit              
20000000  g_pfnRAMVectors               
2000026c  tx_test_flag                  
2000026d  rx_test_flag                  
20000270  __stack                       
20000470  __STACK_END                   
20000470  __STACK_TOP                   
ffffffff  __TI_pprof_out_hndl           
ffffffff  __TI_prof_data_size           
ffffffff  __TI_prof_data_start          
ffffffff  __binit__                     
ffffffff  __c_args__                    
ffffffff  binit                         
UNDEFED   __mpu_init                    
UNDEFED   _system_post_cinit            

[61 symbols]
