******************************************************************************
                  TI ARM Linker PC v18.1.2                     
******************************************************************************
>> Linked Mon Nov  5 17:07:32 2018

OUTPUT FILE NAME:   <TIVA_UART_Test.out>
ENTRY POINT SYMBOL: "_c_int00_noargs"  address: 00000901


MEMORY CONFIGURATION

         name            origin    length      used     unused   attr    fill
----------------------  --------  ---------  --------  --------  ----  --------
  FLASH                 00000000   00040000  00000cd6  0003f32a  R  X
  SRAM                  20000000   00008000  0000046e  00007b92  RW X


SEGMENT ALLOCATION MAP

run origin  load origin   length   init length attrs members
----------  ----------- ---------- ----------- ----- -------
00000000    00000000    00000cd8   00000cd8    r-x
  00000000    00000000    0000026c   0000026c    r-- .intvecs
  0000026c    0000026c    0000084e   0000084e    r-x .text
  00000abc    00000abc    000001ec   000001ec    r-- .const
  00000ca8    00000ca8    00000030   00000030    r-- .cinit
20000000    20000000    00000470   00000000    rw-
  20000000    20000000    0000026c   00000000    rw- .vtable
  2000026c    2000026c    00000002   00000000    rw- .data
  20000270    20000270    00000200   00000000    rw- .stack


SECTION ALLOCATION MAP

 output                                  attributes/
section   page    origin      length       input sections
--------  ----  ----------  ----------   ----------------
.intvecs   0    00000000    0000026c     
                  00000000    0000026c     tm4c123gh6pz_startup_ccs.obj (.intvecs)

.text      0    0000026c    0000084e     
                  0000026c    00000132     driverlib.lib : gpio.obj (.text:GPIOPadConfigSet)
                  0000039e    00000002     --HOLE-- [fill = 0]
                  000003a0    00000110                   : sysctl.obj (.text:SysCtlClockGet)
                  000004b0    000000f4                   : sysctl.obj (.text:SysCtlClockSet)
                  000005a4    000000dc     main.obj (.text)
                  00000680    0000009c     rtsv7M4_T_le_v4SPD16_eabi.lib : memcpy_t2.asm.obj (.text)
                  0000071c    00000068     driverlib.lib : interrupt.obj (.text:IntEnable)
                  00000784    00000068     rtsv7M4_T_le_v4SPD16_eabi.lib : copy_decompress_lzss.c.obj (.text:decompress:lzss:__TI_decompress_lzss)
                  000007ec    00000048     driverlib.lib : gpio.obj (.text:GPIOPinConfigure)
                  00000834    00000046                   : uart.obj (.text:UARTConfigSetExpClk)
                  0000087a    00000002     --HOLE-- [fill = 0]
                  0000087c    00000044     rtsv7M4_T_le_v4SPD16_eabi.lib : autoinit.c.obj (.text:__TI_auto_init_nobinit_nopinit:__TI_auto_init_nobinit_nopinit)
                  000008c0    00000040     driverlib.lib : uart.obj (.text:_UARTIntNumberGet)
                  00000900    00000038     rtsv7M4_T_le_v4SPD16_eabi.lib : boot_cortex_m.c.obj (.text:_c_int00_noargs:_c_int00_noargs)
                  00000938    00000034     driverlib.lib : interrupt.obj (.text:IntRegister)
                  0000096c    00000034                   : sysctl.obj (.text:SysCtlPeripheralEnable)
                  000009a0    0000002a                   : gpio.obj (.text:GPIODirModeSet)
                  000009ca    00000002     --HOLE-- [fill = 0]
                  000009cc    00000020                   : uart.obj (.text:UARTDisable)
                  000009ec    00000018                   : gpio.obj (.text:GPIOPinTypeGPIOOutput)
                  00000a04    00000018                   : uart.obj (.text:UARTIntRegister)
                  00000a1c    00000014                   : uart.obj (.text:UARTEnable)
                  00000a30    00000012                   : gpio.obj (.text:GPIOPinTypeUART)
                  00000a42    00000012     rtsv7M4_T_le_v4SPD16_eabi.lib : copy_zero_init.c.obj (.text:decompress:ZI:__TI_zero_init_nomemset:__TI_zero_init_nomemset)
                  00000a54    00000010     driverlib.lib : interrupt.obj (.text:IntMasterEnable)
                  00000a64    0000000e     rtsv7M4_T_le_v4SPD16_eabi.lib : copy_decompress_none.c.obj (.text:decompress:none:__TI_decompress_none)
                  00000a72    0000000c     driverlib.lib : cpu.obj (.text:CPUcpsie)
                  00000a7e    0000000c     tm4c123gh6pz_startup_ccs.obj (.text)
                  00000a8a    0000000a     driverlib.lib : uart.obj (.text:UARTCharGet)
                  00000a94    0000000a                   : uart.obj (.text:UARTCharPut)
                  00000a9e    00000008                   : uart.obj (.text:UARTIntEnable)
                  00000aa6    00000006                   : gpio.obj (.text:GPIOPinWrite)
                  00000aac    00000006                   : sysctl.obj (.text:SysCtlDelay)
                  00000ab2    00000004     rtsv7M4_T_le_v4SPD16_eabi.lib : pre_init.c.obj (.text:_system_pre_init)
                  00000ab6    00000004                                   : exit.c.obj (.text:abort:abort)

.const     0    00000abc    000001ec     
                  00000abc    00000090     driverlib.lib : gpio.obj (.const:g_pui32GPIOBaseAddrs)
                  00000b4c    00000070                   : interrupt.obj (.const)
                  00000bbc    0000006c                   : sysctl.obj (.const:g_pui32Xtals)
                  00000c28    00000040                   : uart.obj (.const:g_ppui32UARTIntMap)
                  00000c68    00000040                   : uart.obj (.const:g_ppui32UARTIntMapSnowflake)

.cinit     0    00000ca8    00000030     
                  00000ca8    0000000c     (__TI_handler_table)
                  00000cb4    00000004     --HOLE-- [fill = 0]
                  00000cb8    00000008     (.cinit..vtable.load) [load image, compression = zero_init]
                  00000cc0    00000006     (.cinit..data.load) [load image, compression = lzss]
                  00000cc6    00000002     --HOLE-- [fill = 0]
                  00000cc8    00000010     (__TI_cinit_table)

.init_array 
*          0    00000000    00000000     UNINITIALIZED

.vtable    0    20000000    0000026c     UNINITIALIZED
                  20000000    0000026c     driverlib.lib : interrupt.obj (.vtable)

.data      0    2000026c    00000002     UNINITIALIZED
                  2000026c    00000002     main.obj (.data)

.stack     0    20000270    00000200     UNINITIALIZED
                  20000270    00000004     rtsv7M4_T_le_v4SPD16_eabi.lib : boot_cortex_m.c.obj (.stack)
                  20000274    000001fc     --HOLE--

MODULE SUMMARY

       Module                         code   ro data   rw data
       ------                         ----   -------   -------
    .\
       tm4c123gh6pz_startup_ccs.obj   12     620       0      
       main.obj                       220    0         2      
    +--+------------------------------+------+---------+---------+
       Total:                         232    620       2      
                                                              
    D:/ti/TivaWare_C_Series-2.1.4.178/driverlib/ccs/Debug/driverlib.lib
       interrupt.obj                  172    112       620    
       sysctl.obj                     574    108       0      
       gpio.obj                       468    144       0      
       uart.obj                       238    128       0      
       cpu.obj                        12     0         0      
    +--+------------------------------+------+---------+---------+
       Total:                         1464   492       620    
                                                              
    D:\ti\ccsv8\tools\compiler\ti-cgt-arm_18.1.2.LTS\lib\rtsv7M4_T_le_v4SPD16_eabi.lib
       memcpy_t2.asm.obj              156    0         0      
       copy_decompress_lzss.c.obj     104    0         0      
       autoinit.c.obj                 68     0         0      
       boot_cortex_m.c.obj            56     0         0      
       copy_zero_init.c.obj           18     0         0      
       copy_decompress_none.c.obj     14     0         0      
       exit.c.obj                     4      0         0      
       pre_init.c.obj                 4      0         0      
    +--+------------------------------+------+---------+---------+
       Total:                         424    0         0      
                                                              
       Stack:                         0      0         512    
       Linker Generated:              0      42        0      
    +--+------------------------------+------+---------+---------+
       Grand Total:                   2120   1154      1134   


LINKER GENERATED COPY TABLES

__TI_cinit_table @ 00000cc8 records: 2, size/record: 8, table size: 16
	.vtable: load addr=00000cb8, load size=00000008 bytes, run addr=20000000, run size=0000026c bytes, compression=zero_init
	.data: load addr=00000cc0, load size=00000006 bytes, run addr=2000026c, run size=00000002 bytes, compression=lzss


LINKER GENERATED HANDLER TABLE

__TI_handler_table @ 00000ca8 records: 3, size/record: 4, table size: 12
	index: 0, handler: __TI_zero_init
	index: 1, handler: __TI_decompress_lzss
	index: 2, handler: __TI_decompress_none


GLOBAL SYMBOLS: SORTED ALPHABETICALLY BY Name 

address   name                          
-------   ----                          
00000ab7  C$$EXIT                       
00000a73  CPUcpsie                      
000009a1  GPIODirModeSet                
0000026d  GPIOPadConfigSet              
000007ed  GPIOPinConfigure              
000009ed  GPIOPinTypeGPIOOutput         
00000a31  GPIOPinTypeUART               
00000aa7  GPIOPinWrite                  
0000071d  IntEnable                     
00000a55  IntMasterEnable               
00000939  IntRegister                   
00000a7f  ResetISR                      
000003a1  SysCtlClockGet                
000004b1  SysCtlClockSet                
00000aad  SysCtlDelay                   
0000096d  SysCtlPeripheralEnable        
00000a8b  UARTCharGet                   
00000a95  UARTCharPut                   
00000835  UARTConfigSetExpClk           
000009cd  UARTDisable                   
00000a1d  UARTEnable                    
00000a9f  UARTIntEnable                 
00000a05  UARTIntRegister               
00000647  UART_RX_Handler               
20000470  __STACK_END                   
00000200  __STACK_SIZE                  
20000470  __STACK_TOP                   
00000cc8  __TI_CINIT_Base               
00000cd8  __TI_CINIT_Limit              
00000ca8  __TI_Handler_Table_Base       
00000cb4  __TI_Handler_Table_Limit      
0000087d  __TI_auto_init_nobinit_nopinit
00000785  __TI_decompress_lzss          
00000a65  __TI_decompress_none          
ffffffff  __TI_pprof_out_hndl           
ffffffff  __TI_prof_data_size           
ffffffff  __TI_prof_data_start          
00000000  __TI_static_base__            
00000a43  __TI_zero_init_nomemset       
00000681  __aeabi_memcpy                
00000681  __aeabi_memcpy4               
00000681  __aeabi_memcpy8               
ffffffff  __binit__                     
ffffffff  __c_args__                    
UNDEFED   __mpu_init                    
20000270  __stack                       
00000901  _c_int00_noargs               
UNDEFED   _system_post_cinit            
00000ab3  _system_pre_init              
00000ab7  abort                         
ffffffff  binit                         
20000000  g_pfnRAMVectors               
00000000  g_pfnVectors                  
000005a5  main                          
00000681  memcpy                        
2000026d  rx_test_flag                  
2000026c  tx_test_flag                  


GLOBAL SYMBOLS: SORTED BY Symbol Address 

address   name                          
-------   ----                          
00000000  __TI_static_base__            
00000000  g_pfnVectors                  
00000200  __STACK_SIZE                  
0000026d  GPIOPadConfigSet              
000003a1  SysCtlClockGet                
000004b1  SysCtlClockSet                
000005a5  main                          
00000647  UART_RX_Handler               
00000681  __aeabi_memcpy                
00000681  __aeabi_memcpy4               
00000681  __aeabi_memcpy8               
00000681  memcpy                        
0000071d  IntEnable                     
00000785  __TI_decompress_lzss          
000007ed  GPIOPinConfigure              
00000835  UARTConfigSetExpClk           
0000087d  __TI_auto_init_nobinit_nopinit
00000901  _c_int00_noargs               
00000939  IntRegister                   
0000096d  SysCtlPeripheralEnable        
000009a1  GPIODirModeSet                
000009cd  UARTDisable                   
000009ed  GPIOPinTypeGPIOOutput         
00000a05  UARTIntRegister               
00000a1d  UARTEnable                    
00000a31  GPIOPinTypeUART               
00000a43  __TI_zero_init_nomemset       
00000a55  IntMasterEnable               
00000a65  __TI_decompress_none          
00000a73  CPUcpsie                      
00000a7f  ResetISR                      
00000a8b  UARTCharGet                   
00000a95  UARTCharPut                   
00000a9f  UARTIntEnable                 
00000aa7  GPIOPinWrite                  
00000aad  SysCtlDelay                   
00000ab3  _system_pre_init              
00000ab7  C$$EXIT                       
00000ab7  abort                         
00000ca8  __TI_Handler_Table_Base       
00000cb4  __TI_Handler_Table_Limit      
00000cc8  __TI_CINIT_Base               
00000cd8  __TI_CINIT_Limit              
20000000  g_pfnRAMVectors               
2000026c  tx_test_flag                  
2000026d  rx_test_flag                  
20000270  __stack                       
20000470  __STACK_END                   
20000470  __STACK_TOP                   
ffffffff  __TI_pprof_out_hndl           
ffffffff  __TI_prof_data_size           
ffffffff  __TI_prof_data_start          
ffffffff  __binit__                     
ffffffff  __c_args__                    
ffffffff  binit                         
UNDEFED   __mpu_init                    
UNDEFED   _system_post_cinit            

[57 symbols]
