******************************************************************************
                  TI ARM Linker PC v18.1.2                     
******************************************************************************
>> Linked Mon Nov 19 16:37:38 2018

OUTPUT FILE NAME:   <MIL_GPIO_ISR_Demo.out>
ENTRY POINT SYMBOL: "_c_int00_noargs"  address: 000007ad


MEMORY CONFIGURATION

         name            origin    length      used     unused   attr    fill
----------------------  --------  ---------  --------  --------  ----  --------
  FLASH                 00000000   00040000  00000b5e  0003f4a2  R  X
  SRAM                  20000000   00008000  0000046d  00007b93  RW X


SEGMENT ALLOCATION MAP

run origin  load origin   length   init length attrs members
----------  ----------- ---------- ----------- ----- -------
00000000    00000000    00000b60   00000b60    r-x
  00000000    00000000    0000026c   0000026c    r-- .intvecs
  0000026c    0000026c    000006ba   000006ba    r-x .text
  00000928    00000928    00000208   00000208    r-- .const
  00000b30    00000b30    00000030   00000030    r-- .cinit
20000000    20000000    00000470   00000000    rw-
  20000000    20000000    0000026c   00000000    rw- .vtable
  2000026c    2000026c    00000001   00000000    rw- .data
  20000270    20000270    00000200   00000000    rw- .stack


SECTION ALLOCATION MAP

 output                                  attributes/
section   page    origin      length       input sections
--------  ----  ----------  ----------   ----------------
.intvecs   0    00000000    0000026c     
                  00000000    0000026c     tm4c123gh6pm_startup_ccs.obj (.intvecs)

.text      0    0000026c    000006ba     
                  0000026c    00000132     driverlib.lib : gpio.obj (.text:GPIOPadConfigSet)
                  0000039e    00000002     --HOLE-- [fill = 0]
                  000003a0    000000f4                   : sysctl.obj (.text:SysCtlClockSet)
                  00000494    0000009c     rtsv7M4_T_le_v4SPD16_eabi.lib : memcpy_t2.asm.obj (.text)
                  00000530    00000094     main.obj (.text)
                  000005c4    00000068     driverlib.lib : interrupt.obj (.text:IntEnable)
                  0000062c    00000068     rtsv7M4_T_le_v4SPD16_eabi.lib : copy_decompress_lzss.c.obj (.text:decompress:lzss:__TI_decompress_lzss)
                  00000694    00000056     driverlib.lib : gpio.obj (.text:GPIOIntTypeSet)
                  000006ea    00000002     --HOLE-- [fill = 0]
                  000006ec    00000044                   : gpio.obj (.text:_GPIOIntNumberGet)
                  00000730    00000044     rtsv7M4_T_le_v4SPD16_eabi.lib : autoinit.c.obj (.text:__TI_auto_init_nobinit_nopinit:__TI_auto_init_nobinit_nopinit)
                  00000774    00000038     driverlib.lib : sysctl.obj (.text:SysCtlPeripheralReady)
                  000007ac    00000038     rtsv7M4_T_le_v4SPD16_eabi.lib : boot_cortex_m.c.obj (.text:_c_int00_noargs:_c_int00_noargs)
                  000007e4    00000034     driverlib.lib : interrupt.obj (.text:IntRegister)
                  00000818    00000034                   : sysctl.obj (.text:SysCtlPeripheralEnable)
                  0000084c    0000002a                   : gpio.obj (.text:GPIODirModeSet)
                  00000876    00000018                   : gpio.obj (.text:GPIOIntRegister)
                  0000088e    00000018                   : gpio.obj (.text:GPIOPinTypeGPIOOutput)
                  000008a6    00000012                   : gpio.obj (.text:GPIOPinTypeGPIOInput)
                  000008b8    00000012     rtsv7M4_T_le_v4SPD16_eabi.lib : copy_zero_init.c.obj (.text:decompress:ZI:__TI_zero_init_nomemset:__TI_zero_init_nomemset)
                  000008ca    00000010     driverlib.lib : interrupt.obj (.text:IntMasterEnable)
                  000008da    0000000e     rtsv7M4_T_le_v4SPD16_eabi.lib : copy_decompress_none.c.obj (.text:decompress:none:__TI_decompress_none)
                  000008e8    0000000c     driverlib.lib : cpu.obj (.text:CPUcpsie)
                  000008f4    0000000c                   : gpio.obj (.text:GPIOIntEnable)
                  00000900    0000000c     tm4c123gh6pm_startup_ccs.obj (.text)
                  0000090c    00000006     driverlib.lib : gpio.obj (.text:GPIOIntClear)
                  00000912    00000006                   : gpio.obj (.text:GPIOPinWrite)
                  00000918    00000006                   : sysctl.obj (.text:SysCtlDelay)
                  0000091e    00000004     rtsv7M4_T_le_v4SPD16_eabi.lib : pre_init.c.obj (.text:_system_pre_init)
                  00000922    00000004                                   : exit.c.obj (.text:abort:abort)

.const     0    00000928    00000208     
                  00000928    000000d8     driverlib.lib : gpio.obj (.const:g_ppui32GPIOIntMapSnowflake)
                  00000a00    000000c0                   : gpio.obj (.const:g_ppui32GPIOIntMapBlizzard)
                  00000ac0    00000070                   : interrupt.obj (.const)

.cinit     0    00000b30    00000030     
                  00000b30    0000000c     (__TI_handler_table)
                  00000b3c    00000004     --HOLE-- [fill = 0]
                  00000b40    00000008     (.cinit..vtable.load) [load image, compression = zero_init]
                  00000b48    00000005     (.cinit..data.load) [load image, compression = lzss]
                  00000b4d    00000003     --HOLE-- [fill = 0]
                  00000b50    00000010     (__TI_cinit_table)

.init_array 
*          0    00000000    00000000     UNINITIALIZED

.vtable    0    20000000    0000026c     UNINITIALIZED
                  20000000    0000026c     driverlib.lib : interrupt.obj (.vtable)

.data      0    2000026c    00000001     UNINITIALIZED
                  2000026c    00000001     main.obj (.data)

.stack     0    20000270    00000200     UNINITIALIZED
                  20000270    00000004     rtsv7M4_T_le_v4SPD16_eabi.lib : boot_cortex_m.c.obj (.stack)
                  20000274    000001fc     --HOLE--

MODULE SUMMARY

       Module                         code   ro data   rw data
       ------                         ----   -------   -------
    .\
       tm4c123gh6pm_startup_ccs.obj   12     620       0      
       main.obj                       148    0         1      
    +--+------------------------------+------+---------+---------+
       Total:                         160    620       1      
                                                              
    D:/ti/TivaWare_C_Series-2.1.4.178/driverlib/ccs/Debug/driverlib.lib
       gpio.obj                       592    408       0      
       interrupt.obj                  172    112       620    
       sysctl.obj                     358    0         0      
       cpu.obj                        12     0         0      
    +--+------------------------------+------+---------+---------+
       Total:                         1134   520       620    
                                                              
    D:\ti\ccsv8\tools\compiler\ti-cgt-arm_18.1.2.LTS\lib\rtsv7M4_T_le_v4SPD16_eabi.lib
       memcpy_t2.asm.obj              156    0         0      
       copy_decompress_lzss.c.obj     104    0         0      
       autoinit.c.obj                 68     0         0      
       boot_cortex_m.c.obj            56     0         0      
       copy_zero_init.c.obj           18     0         0      
       copy_decompress_none.c.obj     14     0         0      
       exit.c.obj                     4      0         0      
       pre_init.c.obj                 4      0         0      
    +--+------------------------------+------+---------+---------+
       Total:                         424    0         0      
                                                              
       Stack:                         0      0         512    
       Linker Generated:              0      41        0      
    +--+------------------------------+------+---------+---------+
       Grand Total:                   1718   1181      1133   


LINKER GENERATED COPY TABLES

__TI_cinit_table @ 00000b50 records: 2, size/record: 8, table size: 16
	.vtable: load addr=00000b40, load size=00000008 bytes, run addr=20000000, run size=0000026c bytes, compression=zero_init
	.data: load addr=00000b48, load size=00000005 bytes, run addr=2000026c, run size=00000001 bytes, compression=lzss


LINKER GENERATED HANDLER TABLE

__TI_handler_table @ 00000b30 records: 3, size/record: 4, table size: 12
	index: 0, handler: __TI_zero_init
	index: 1, handler: __TI_decompress_lzss
	index: 2, handler: __TI_decompress_none


GLOBAL SYMBOLS: SORTED ALPHABETICALLY BY Name 

address   name                          
-------   ----                          
00000923  C$$EXIT                       
000008e9  CPUcpsie                      
0000084d  GPIODirModeSet                
0000090d  GPIOIntClear                  
000008f5  GPIOIntEnable                 
00000877  GPIOIntRegister               
00000695  GPIOIntTypeSet                
0000026d  GPIOPadConfigSet              
000008a7  GPIOPinTypeGPIOInput          
0000088f  GPIOPinTypeGPIOOutput         
00000913  GPIOPinWrite                  
0000054f  InitGPIO                      
000005c5  IntEnable                     
000008cb  IntMasterEnable               
000007e5  IntRegister                   
00000599  LEDToggleISR                  
00000901  ResetISR                      
2000026c  STATE                         
000003a1  SysCtlClockSet                
00000919  SysCtlDelay                   
00000819  SysCtlPeripheralEnable        
00000775  SysCtlPeripheralReady         
20000470  __STACK_END                   
00000200  __STACK_SIZE                  
20000470  __STACK_TOP                   
00000b50  __TI_CINIT_Base               
00000b60  __TI_CINIT_Limit              
00000b30  __TI_Handler_Table_Base       
00000b3c  __TI_Handler_Table_Limit      
00000731  __TI_auto_init_nobinit_nopinit
0000062d  __TI_decompress_lzss          
000008db  __TI_decompress_none          
ffffffff  __TI_pprof_out_hndl           
ffffffff  __TI_prof_data_size           
ffffffff  __TI_prof_data_start          
00000000  __TI_static_base__            
000008b9  __TI_zero_init_nomemset       
00000495  __aeabi_memcpy                
00000495  __aeabi_memcpy4               
00000495  __aeabi_memcpy8               
ffffffff  __binit__                     
ffffffff  __c_args__                    
UNDEFED   __mpu_init                    
20000270  __stack                       
000007ad  _c_int00_noargs               
UNDEFED   _system_post_cinit            
0000091f  _system_pre_init              
00000923  abort                         
ffffffff  binit                         
20000000  g_pfnRAMVectors               
00000000  g_pfnVectors                  
00000531  main                          
00000495  memcpy                        


GLOBAL SYMBOLS: SORTED BY Symbol Address 

address   name                          
-------   ----                          
00000000  __TI_static_base__            
00000000  g_pfnVectors                  
00000200  __STACK_SIZE                  
0000026d  GPIOPadConfigSet              
000003a1  SysCtlClockSet                
00000495  __aeabi_memcpy                
00000495  __aeabi_memcpy4               
00000495  __aeabi_memcpy8               
00000495  memcpy                        
00000531  main                          
0000054f  InitGPIO                      
00000599  LEDToggleISR                  
000005c5  IntEnable                     
0000062d  __TI_decompress_lzss          
00000695  GPIOIntTypeSet                
00000731  __TI_auto_init_nobinit_nopinit
00000775  SysCtlPeripheralReady         
000007ad  _c_int00_noargs               
000007e5  IntRegister                   
00000819  SysCtlPeripheralEnable        
0000084d  GPIODirModeSet                
00000877  GPIOIntRegister               
0000088f  GPIOPinTypeGPIOOutput         
000008a7  GPIOPinTypeGPIOInput          
000008b9  __TI_zero_init_nomemset       
000008cb  IntMasterEnable               
000008db  __TI_decompress_none          
000008e9  CPUcpsie                      
000008f5  GPIOIntEnable                 
00000901  ResetISR                      
0000090d  GPIOIntClear                  
00000913  GPIOPinWrite                  
00000919  SysCtlDelay                   
0000091f  _system_pre_init              
00000923  C$$EXIT                       
00000923  abort                         
00000b30  __TI_Handler_Table_Base       
00000b3c  __TI_Handler_Table_Limit      
00000b50  __TI_CINIT_Base               
00000b60  __TI_CINIT_Limit              
20000000  g_pfnRAMVectors               
2000026c  STATE                         
20000270  __stack                       
20000470  __STACK_END                   
20000470  __STACK_TOP                   
ffffffff  __TI_pprof_out_hndl           
ffffffff  __TI_prof_data_size           
ffffffff  __TI_prof_data_start          
ffffffff  __binit__                     
ffffffff  __c_args__                    
ffffffff  binit                         
UNDEFED   __mpu_init                    
UNDEFED   _system_post_cinit            

[53 symbols]
